S9M1-labs/avocado2018.csv
,Date,AveragePrice,Total Volume,4046,4225,4770,Total Bags,Small Bags,Large Bags,XLarge Bags,type,year,region
0,2018-03-25,1.57,149396.5,16361.69,109045.03,65.45,23924.33,19273.8,4270.53,380.0,conventional,2018,Albany
1,2018-03-18,1.35,105304.65,13234.86,61037.58,55.0,30977.21,26755.9,3721.31,500.0,conventional,2018,Albany
2,2018-03-11,1.12,144648.75,15823.35,110950.68,70.0,17804.72,14480.52,3033.09,291.11,conventional,2018,Albany
4,2018-02-25,1.28,104278.89,10368.77,59723.32,48.0,34138.8,30126.31,3702.49,310.0,conventional,2018,Albany
5,2018-02-18,1.43,85630.24,5499.73,61661.76,75.0,18393.75,15677.67,2336.08,380.0,conventional,2018,Albany
6,2018-02-11,1.45,121804.36,8183.48,95548.47,61.0,18011.41,13264.91,4295.39,451.11,conventional,2018,Albany
7,2018-02-04,1.03,216738.47,7625.65,195725.06,143.53,13244.23,10571.6,2422.63,250.0,conventional,2018,Albany
8,2018-01-28,1.57,93625.03,3101.17,74627.23,55.59,15841.04,11614.79,4159.58,66.67,conventional,2018,Albany
9,2018-01-21,,,3133.37,116520.88,88.78,15453.32,10023.79,5429.53,0.0,conventional,2018,Albany
10,2018-01-14,1.42,95246.38,2897.41,76570.67,44.0,15734.3,10012.8,5721.5,0.0,conventional,2018,Albany
11,2018-01-07,,98540.22,2940.63,76192.61,42.63,19364.35,8633.09,10707.93,23.33,conventional,2018,Albany
12,2018-03-25,1.04,624645.42,281209.4,33187.58,1831.33,308417.11,227944.75,77406.46,3065.9,conventional,2018,Atlanta
13,2018-03-18,0.95,,323507.79,36770.0,1828.28,368343.62,267740.12,97851.46,2752.04,conventional,2018,Atlanta
14,2018-03-11,0.96,695821.13,320199.4,36356.76,1628.73,337636.24,260152.24,74963.16,2520.84,conventional,2018,Atlanta
15,2018-03-04,1.08,594551.6,272245.24,37136.05,1763.52,283406.79,178019.66,103016.02,2371.11,conventional,2018,Atlanta
16,2018-02-25,,,257877.67,35083.86,1579.38,291699.53,201139.31,88126.43,2433.79,conventional,2018,Atlanta
17,2018-02-18,1.04,538448.01,229255.93,30082.73,1325.82,277783.53,198897.13,76224.45,2661.95,conventional,2018,Atlanta
18,2018-02-11,,723928.38,349354.58,39349.47,1608.23,333616.1,241870.49,89401.42,2344.19,conventional,2018,Atlanta
19,2018-02-04,0.86,957792.07,474887.68,55158.13,1755.05,425991.21,292317.81,131566.04,2107.36,conventional,2018,Atlanta
20,2018-01-28,1.08,559460.44,267126.26,37573.74,1661.8,253098.64,165156.6,83774.26,4167.78,conventional,2018,Atlanta
21,2018-01-21,1.1,639421.29,288131.95,56731.74,1612.56,292945.04,158655.8,128969.24,5320.0,conventional,2018,Atlanta
22,2018-01-14,1.1,670766.04,298975.97,60229.21,1604.9,309955.96,171508.47,134436.39,4011.1,conventional,2018,Atlanta
23,2018-01-07,0.98,713915.8,364463.12,47869.41,1459.65,300123.62,217644.43,78287.66,4191.53,conventional,2018,Atlanta
96,2018-03-25,1.08,277267.97,70493.35,27183.18,9616.52,169974.92,140702.4,20939.89,8332.63,conventional,2018,CincinnatiDayton
97,2018-03-18,1.07,245062.31,68444.95,16626.16,10114.52,149876.68,119963.26,25174.42,4739.0,conventional,2018,CincinnatiDayton
98,2018-03-11,1.01,275804.74,65139.45,22713.79,10175.31,177776.19,146773.92,30140.64,861.63,conventional,2018,CincinnatiDayton
99,2018-03-04,1.02,265942.15,69312.67,20912.27,9651.63,166065.58,146627.38,14918.25,4519.95,conventional,2018,CincinnatiDayton
100,2018-02-25,1.03,263363.41,59106.97,31605.03,9097.03,163554.38,135219.03,24337.13,3998.22,conventional,2018,CincinnatiDayton
101,2018-02-18,0.83,231729.88,71473.92,15783.23,7110.53,137362.2,108121.76,28080.54,1159.9,conventional,2018,CincinnatiDayton
102,2018-02-11,,305400.41,98065.66,31216.87,11211.24,164906.64,124062.8,34478.97,6364.87,conventional,2018,CincinnatiDayton
103,2018-02-04,0.76,380214.74,102019.45,67966.25,13825.01,196404.03,165544.38,29548.07,1311.58,conventional,2018,CincinnatiDayton
104,2018-01-28,0.92,281913.49,78131.98,27858.19,11786.66,164136.66,155062.73,9071.23,2.7,conventional,2018,CincinnatiDayton
105,2018-01-21,0.89,321809.3,92142.87,54830.94,12823.81,162011.68,148818.14,13170.73,22.81,conventional,2018,CincinnatiDayton
106,2018-01-14,1.15,243366.13,59620.01,30542.73,19975.22,133228.17,123961.02,9260.42,6.73,conventional,2018,CincinnatiDayton
107,2018-01-07,0.91,303592.92,98045.53,37713.62,18889.29,148944.48,130642.78,18046.8,254.9,conventional,2018,CincinnatiDayton
180,2018-03-25,1.44,345963.16,17715.06,243023.15,242.2,84982.75,82409.99,1066.1,1506.66,conventional,2018,HartfordSpringfield
181,2018-03-18,1.43,308716.16,16506.01,218357.11,217.92,73635.12,68741.49,3282.52,1611.11,conventional,2018,HartfordSpringfield
182,2018-03-11,1.42,314847.26,17765.06,215834.18,183.31,81064.71,66170.41,13298.75,1595.55,conventional,2018,HartfordSpringfield
183,2018-03-04,1.17,432095.58,15615.69,347650.33,272.95,68556.61,64366.72,3032.11,1157.78,conventional,2018,HartfordSpringfield
184,2018-02-25,1.45,289607.63,13661.98,196776.63,314.45,78854.57,68300.92,9368.09,1185.56,conventional,2018,HartfordSpringfield
185,2018-02-18,1.42,283265.66,11150.75,209791.73,212.96,62110.22,60822.76,386.35,901.11,conventional,2018,HartfordSpringfield
186,2018-02-11,1.48,352731.83,14675.9,270215.97,208.1,67631.86,65856.28,744.47,1031.11,conventional,2018,HartfordSpringfield
187,2018-02-04,1.38,427950.71,11605.62,345582.17,1100.67,69662.25,67967.4,1438.65,256.2,conventional,2018,HartfordSpringfield
188,2018-01-28,1.18,432600.1,7854.32,360244.35,237.31,64264.12,60495.46,3601.99,166.67,conventional,2018,HartfordSpringfield
189,2018-01-21,1.18,474554.55,8065.55,407711.57,175.38,58602.05,56135.81,2459.57,6.67,conventional,2018,HartfordSpringfield
190,2018-01-14,1.53,289124.31,6006.14,215891.85,128.82,67097.5,60219.1,6878.4,0.0,conventional,2018,HartfordSpringfield
191,2018-01-07,1.52,283678.88,5732.13,214934.82,136.28,62875.65,49441.07,13434.58,0.0,conventional,2018,HartfordSpringfield
264,2018-03-25,1.37,698961.15,474642.82,53923.97,2049.21,168345.15,106478.51,61776.64,90.0,conventional,2018,MiamiFtLauderdale
265,2018-03-18,1.17,828837.57,575923.2,70118.84,2101.12,180694.41,102331.92,78219.16,143.33,conventional,2018,MiamiFtLauderdale
266,2018-03-11,1.19,888615.09,603091.72,74717.78,2009.9,208795.69,97893.87,110561.82,340.0,conventional,2018,MiamiFtLauderdale
267,2018-03-04,1.14,881388.29,639495.68,77645.93,1780.45,162466.23,112719.37,48965.19,781.67,conventional,2018,MiamiFtLauderdale
268,2018-02-25,1.36,647233.53,420401.52,51048.05,1505.14,174278.82,120093.14,54105.68,80.0,conventional,2018,MiamiFtLauderdale
269,2018-02-18,1.34,669345.2,451052.19,52028.41,2264.07,164000.53,95511.54,68415.66,73.33,conventional,2018,MiamiFtLauderdale
270,2018-02-11,1.0,856022.49,580099.01,76468.67,2153.49,197301.32,106427.69,90813.63,60.0,conventional,2018,MiamiFtLauderdale
271,2018-02-04,0.98,1310671.51,897435.51,118495.93,2277.74,292462.33,111637.21,180761.79,63.33,conventional,2018,MiamiFtLauderdale
272,2018-01-28,1.4,,440406.44,54463.83,2465.91,163876.04,95377.39,68491.98,6.67,conventional,2018,MiamiFtLauderdale
273,2018-01-21,1.19,825835.92,592863.38,79364.06,1920.89,151687.59,84785.47,66902.12,0.0,conventional,2018,MiamiFtLauderdale
274,2018-01-14,1.46,617912.41,416705.54,53783.64,2713.93,144709.3,81480.75,63228.55,0.0,conventional,2018,MiamiFtLauderdale
275,2018-01-07,1.22,746903.16,513398.84,68558.71,1946.21,162999.4,75200.98,87798.42,0.0,conventional,2018,MiamiFtLauderdale
384,2018-03-25,1.24,362959.17,91484.37,120803.28,5307.11,145364.41,139121.67,6242.74,0.0,conventional,2018,RaleighGreensboro
385,2018-03-18,0.92,552900.21,96399.53,130874.15,4769.76,320856.77,312969.23,7886.43,1.11,conventional,2018,RaleighGreensboro
386,2018-03-11,1.2,384595.79,106062.76,132338.25,5654.47,140540.31,135823.49,4716.82,0.0,conventional,2018,RaleighGreensboro
387,2018-03-04,1.28,330201.25,88012.88,101227.44,5793.79,135167.14,128111.5,7055.64,0.0,conventional,2018,RaleighGreensboro
388,2018-02-25,1.28,343583.53,91255.51,120240.34,5425.62,126662.06,119370.42,7291.64,0.0,conventional,2018,RaleighGreensboro
389,2018-02-18,1.29,302077.06,78221.45,101748.26,5439.47,116667.88,108698.13,7969.75,0.0,conventional,2018,RaleighGreensboro
390,2018-02-11,1.1,367903.88,106372.21,91013.42,5010.88,165507.37,156789.32,8718.05,0.0,conventional,2018,RaleighGreensboro
391,2018-02-04,0.97,525075.42,119688.78,132891.28,5891.9,266603.46,254234.83,12368.63,0.0,conventional,2018,RaleighGreensboro
392,2018-01-28,1.34,322348.72,93956.4,105608.44,5131.66,117652.22,112705.62,4946.6,0.0,conventional,2018,RaleighGreensboro
393,2018-01-21,1.12,407825.0,101929.83,102790.68,4632.9,198471.59,191459.41,7012.18,0.0,conventional,2018,RaleighGreensboro
394,2018-01-14,1.29,360772.32,88430.39,138123.95,6178.1,128039.88,119713.01,8326.87,0.0,conventional,2018,RaleighGreensboro
395,2018-01-07,1.3,317209.9,113445.48,103827.25,5071.98,94865.19,90848.07,4017.12,0.0,conventional,2018,RaleighGreensboro
396,2018-03-25,1.1,316217.11,77628.91,88215.28,1928.8,148444.12,135644.21,11246.17,1553.74,conventional,2018,RichmondNorfolk
397,2018-03-18,0.98,365038.23,82914.3,97133.0,1515.48,183475.45,169506.35,12586.56,1382.54,conventional,2018,RichmondNorfolk
398,2018-03-11,1.0,345645.83,95991.36,94894.74,1776.1,152983.63,139363.88,13327.83,291.92,conventional,2018,RichmondNorfolk
399,2018-03-04,1.14,289118.6,69170.11,83513.89,1792.21,134642.39,115639.95,18714.11,288.33,conventional,2018,RichmondNorfolk
400,2018-02-25,1.13,,75032.02,85267.7,1914.32,114893.44,98624.54,15568.9,700.0,conventional,2018,RichmondNorfolk
401,2018-02-18,1.18,237767.01,52314.98,78322.91,1685.0,105444.12,85472.15,18198.64,1773.33,conventional,2018,RichmondNorfolk
402,2018-02-11,1.01,292742.42,73304.78,95360.46,1648.41,122428.77,107274.6,14805.83,348.34,conventional,2018,RichmondNorfolk
403,2018-02-04,0.86,469093.71,124229.81,128208.07,2217.45,214438.38,187621.35,26710.36,106.67,conventional,2018,RichmondNorfolk
404,2018-01-28,1.21,267305.91,63753.71,104053.12,1743.34,97755.74,87331.26,10414.48,10.0,conventional,2018,RichmondNorfolk
405,2018-01-21,1.12,322272.97,72502.51,112843.42,1772.99,135154.05,112298.65,22855.4,0.0,conventional,2018,RichmondNorfolk
406,2018-01-14,1.19,311185.65,76364.47,126208.57,1844.45,106768.16,84944.73,21823.43,0.0,conventional,2018,RichmondNorfolk
407,2018-01-07,1.03,300234.79,96040.45,94172.95,1657.28,108364.11,99730.22,8633.89,0.0,conventional,2018,RichmondNorfolk
552,2018-03-25,1.33,57606.42,2002.4,5548.18,82.68,49973.16,49957.61,15.55,0.0,organic,2018,BaltimoreWashington
553,2018-03-18,1.41,45505.0,2132.2,6130.5,76.41,37165.89,37157.4,8.49,0.0,organic,2018,BaltimoreWashington
554,2018-03-11,1.44,48044.77,1885.84,6874.81,96.69,39187.43,39177.43,10.0,0.0,organic,2018,BaltimoreWashington
555,2018-03-04,1.43,43300.77,2360.2,6371.68,93.52,34475.37,34475.37,0.0,0.0,organic,2018,BaltimoreWashington
556,2018-02-25,1.47,,1626.3,7913.27,49.45,37832.13,37822.13,10.0,0.0,organic,2018,BaltimoreWashington
557,2018-02-18,1.52,51564.7,2125.96,12402.09,79.77,36956.88,36927.99,28.89,0.0,organic,2018,BaltimoreWashington
558,2018-02-11,1.53,46355.69,1457.17,9060.57,68.22,35769.73,35769.73,0.0,0.0,organic,2018,BaltimoreWashington
559,2018-02-04,1.59,41615.66,1201.51,7408.22,85.69,32920.24,32904.68,15.56,0.0,organic,2018,BaltimoreWashington
560,2018-01-28,1.55,44059.08,1236.06,8807.18,147.27,33868.57,33859.68,8.89,0.0,organic,2018,BaltimoreWashington
561,2018-01-21,,38098.21,1450.87,9262.48,65.08,27319.78,27315.34,4.44,0.0,organic,2018,BaltimoreWashington
562,2018-01-14,1.39,66149.27,1264.25,10025.87,105.72,54753.43,54746.77,6.66,0.0,organic,2018,BaltimoreWashington
563,2018-01-07,1.15,82282.71,1315.95,9962.1,134.19,70870.47,70863.8,6.67,0.0,organic,2018,BaltimoreWashington
624,2018-03-25,1.66,15502.38,728.9,4308.74,0.0,10464.74,7398.87,3065.87,0.0,organic,2018,CincinnatiDayton
625,2018-03-18,1.31,28721.72,932.06,10505.06,0.0,17284.6,8746.0,8538.6,0.0,organic,2018,CincinnatiDayton
626,2018-03-11,1.27,34517.3,1080.28,12488.67,0.0,20948.35,15617.99,5330.36,0.0,organic,2018,CincinnatiDayton
627,2018-03-04,1.68,11250.57,810.62,4420.73,0.0,6019.22,4449.27,1569.95,0.0,organic,2018,CincinnatiDayton
628,2018-02-25,1.78,15097.8,736.69,4538.31,0.0,9822.8,2275.92,7546.88,0.0,organic,2018,CincinnatiDayton
629,2018-02-18,1.64,9811.36,680.18,4321.38,0.0,4809.8,4698.48,111.32,0.0,organic,2018,CincinnatiDayton
630,2018-02-11,1.59,10754.39,535.84,3567.35,0.0,6651.2,5192.81,1458.39,0.0,organic,2018,CincinnatiDayton
631,2018-02-04,1.69,11196.3,628.58,4438.31,0.0,6129.41,4339.23,1790.18,0.0,organic,2018,CincinnatiDayton
632,2018-01-28,1.51,15027.47,702.32,4805.49,0.0,9519.66,3133.44,6386.22,0.0,organic,2018,CincinnatiDayton
633,2018-01-21,1.6,18364.37,678.73,5179.83,0.0,12505.81,2688.54,9817.27,0.0,organic,2018,CincinnatiDayton
634,2018-01-14,1.71,19434.36,610.29,5917.68,0.0,12906.39,4369.52,8536.87,0.0,organic,2018,CincinnatiDayton
635,2018-01-07,1.71,13141.82,710.55,5212.44,0.0,7218.83,3380.57,3838.26,0.0,organic,2018,CincinnatiDayton
648,2018-03-25,1.46,31489.27,5372.35,1047.92,0.0,25069.0,23054.17,2014.83,0.0,organic,2018,DallasFtWorth
649,2018-03-18,1.32,31122.09,5570.59,1317.02,0.0,24234.48,22630.41,1604.07,0.0,organic,2018,DallasFtWorth
650,2018-03-11,1.3,34357.21,6067.15,810.89,0.0,27479.17,25669.77,1809.4,0.0,organic,2018,DallasFtWorth
651,2018-03-04,1.38,,5610.19,618.5,0.0,22178.07,20545.89,1632.18,0.0,organic,2018,DallasFtWorth
652,2018-02-25,1.34,23520.36,3998.07,635.53,0.0,18886.76,17839.97,1046.79,0.0,organic,2018,DallasFtWorth
653,2018-02-18,1.36,25380.68,4546.52,787.2,0.0,20046.96,19653.07,393.89,0.0,organic,2018,DallasFtWorth
654,2018-02-11,1.34,28078.4,4681.33,437.65,0.0,22959.42,22690.02,269.4,0.0,organic,2018,DallasFtWorth
655,2018-02-04,1.37,28070.22,4977.37,561.14,0.0,22531.71,22281.2,250.51,0.0,organic,2018,DallasFtWorth
656,2018-01-28,1.45,26069.14,4936.84,476.06,0.0,20656.24,19613.2,1043.04,0.0,organic,2018,DallasFtWorth
657,2018-01-21,,24032.87,4244.71,360.17,0.0,19427.99,17607.8,1820.19,0.0,organic,2018,DallasFtWorth
658,2018-01-14,1.54,25628.61,5179.65,577.3,0.0,19871.66,16878.39,2993.27,0.0,organic,2018,DallasFtWorth
659,2018-01-07,1.45,21286.58,4020.53,454.86,0.0,16811.19,14157.14,2654.05,0.0,organic,2018,DallasFtWorth
708,2018-03-25,2.09,20242.65,144.4,10949.63,0.0,9148.62,9137.73,10.89,0.0,organic,2018,HartfordSpringfield
709,2018-03-18,1.88,31736.66,537.35,22724.89,0.0,8474.42,8472.87,1.55,0.0,organic,2018,HartfordSpringfield
710,2018-03-11,2.15,17722.27,147.46,8428.14,2.8,9143.87,9143.87,0.0,0.0,organic,2018,HartfordSpringfield
711,2018-03-04,1.9,27608.16,622.71,19631.02,0.0,7354.43,7354.43,0.0,0.0,organic,2018,HartfordSpringfield
712,2018-02-25,2.05,15721.06,213.6,7229.28,0.0,8278.18,8278.18,0.0,0.0,organic,2018,HartfordSpringfield
713,2018-02-18,1.48,49348.86,1201.04,40277.25,8.4,7862.17,7566.48,295.69,0.0,organic,2018,HartfordSpringfield
714,2018-02-11,2.1,11883.93,23.95,4455.68,8.38,7395.92,7389.71,6.21,0.0,organic,2018,HartfordSpringfield
715,2018-02-04,1.94,17404.84,142.97,8510.44,15.34,8736.09,8736.09,0.0,0.0,organic,2018,HartfordSpringfield
716,2018-01-28,1.9,18973.89,468.61,10161.69,2.79,8340.8,8340.8,0.0,0.0,organic,2018,HartfordSpringfield
717,2018-01-21,2.12,12308.98,97.64,4096.79,1.39,8113.16,8079.06,34.1,0.0,organic,2018,HartfordSpringfield
718,2018-01-14,2.02,14448.86,122.85,4410.11,0.0,9915.9,9911.02,4.88,0.0,organic,2018,HartfordSpringfield
719,2018-01-07,2.03,15204.66,76.07,4721.42,1.4,10405.77,10405.77,0.0,0.0,organic,2018,HartfordSpringfield
792,2018-03-25,1.34,8620.15,111.52,296.6,0.0,8212.03,8212.03,0.0,0.0,organic,2018,MiamiFtLauderdale
793,2018-03-18,1.37,10458.41,351.4,439.42,0.0,9667.59,9656.48,11.11,0.0,organic,2018,MiamiFtLauderdale
794,2018-03-11,1.35,7949.82,71.89,283.8,0.0,7594.13,7573.34,20.79,0.0,organic,2018,MiamiFtLauderdale
795,2018-03-04,1.56,11549.64,420.45,893.13,0.0,10236.06,8935.54,1300.52,0.0,organic,2018,MiamiFtLauderdale
796,2018-02-25,1.6,10821.89,652.89,894.42,0.0,9274.58,7767.78,1506.8,0.0,organic,2018,MiamiFtLauderdale
797,2018-02-18,1.52,9673.24,138.51,772.24,0.0,8762.49,7794.44,968.05,0.0,organic,2018,MiamiFtLauderdale
798,2018-02-11,1.4,9320.83,139.48,429.95,0.0,8751.4,8423.13,328.27,0.0,organic,2018,MiamiFtLauderdale
799,2018-02-04,,9193.3,261.74,589.27,0.0,8342.29,7622.22,720.07,0.0,organic,2018,MiamiFtLauderdale
800,2018-01-28,1.43,7883.77,162.09,272.81,0.0,7448.87,7448.87,0.0,0.0,organic,2018,MiamiFtLauderdale
801,2018-01-21,1.46,7557.32,127.92,285.41,0.0,7143.99,7143.99,0.0,0.0,organic,2018,MiamiFtLauderdale
802,2018-01-14,1.44,7957.68,50.65,203.7,0.0,7703.33,7700.0,3.33,0.0,organic,2018,MiamiFtLauderdale
803,2018-01-07,1.47,7496.04,52.94,293.77,0.0,7149.33,7135.99,13.34,0.0,organic,2018,MiamiFtLauderdale
864,2018-03-25,1.52,15372.8,2399.71,3164.8,0.0,9808.29,9789.7,18.59,0.0,organic,2018,PhoenixTucson
865,2018-03-18,1.54,15639.44,2130.06,3421.21,0.0,10088.17,10065.03,23.14,0.0,organic,2018,PhoenixTucson
866,2018-03-11,1.62,17727.19,2335.09,3082.62,0.0,12309.48,12278.25,31.23,0.0,organic,2018,PhoenixTucson
867,2018-03-04,1.69,15349.03,2467.3,3004.72,0.0,9877.01,9871.72,5.29,0.0,organic,2018,PhoenixTucson
868,2018-02-25,1.6,19089.16,4845.86,3196.8,0.0,11046.5,11031.95,14.55,0.0,organic,2018,PhoenixTucson
869,2018-02-18,1.51,18386.3,2832.82,3012.13,0.0,12541.35,12509.06,32.29,0.0,organic,2018,PhoenixTucson
870,2018-02-11,1.43,19026.47,2657.19,2889.56,0.0,13479.72,13442.8,36.92,0.0,organic,2018,PhoenixTucson
871,2018-02-04,1.62,14456.1,2260.81,2011.22,0.0,10184.07,10169.69,14.38,0.0,organic,2018,PhoenixTucson
872,2018-01-28,1.69,13125.79,1802.37,2243.06,0.0,9080.36,9073.81,6.55,0.0,organic,2018,PhoenixTucson
873,2018-01-21,1.78,12112.82,2178.78,1901.41,0.0,8032.63,8031.33,1.3,0.0,organic,2018,PhoenixTucson
874,2018-01-14,1.77,13514.36,3618.9,2795.53,0.0,7099.93,7086.72,13.21,0.0,organic,2018,PhoenixTucson
875,2018-01-07,1.76,16925.62,3822.41,2695.1,0.0,10408.11,10364.12,43.99,0.0,organic,2018,PhoenixTucson
