S9M1-labs/avocado2018.csv
,Date,AveragePrice,Total Volume,4046,4225,4770,Total Bags,Small Bags,Large Bags,XLarge Bags,type,year,region
912,2018-03-25,2.02,13379.77,86.84,5923.16,98.37,7271.4,6881.8,389.6,0.0,organic,2018,RaleighGreensboro
913,2018-03-18,1.93,14027.44,74.54,5983.12,135.09,7834.69,7330.45,504.24,0.0,organic,2018,RaleighGreensboro
914,2018-03-11,2.02,13869.87,93.04,6501.92,224.71,7050.2,6823.87,226.33,0.0,organic,2018,RaleighGreensboro
915,2018-03-04,1.98,15008.91,119.79,6357.72,154.02,8377.38,8147.84,229.54,0.0,organic,2018,RaleighGreensboro
916,2018-02-25,1.97,14215.62,161.11,5650.36,151.56,8252.59,7736.17,516.42,0.0,organic,2018,RaleighGreensboro
917,2018-02-18,1.99,14240.92,140.37,5695.17,122.61,8282.77,8197.97,84.8,0.0,organic,2018,RaleighGreensboro
918,2018-02-11,2.04,11804.91,72.38,4806.1,140.27,6786.16,6660.68,125.48,0.0,organic,2018,RaleighGreensboro
919,2018-02-04,2.25,14635.63,82.78,5175.05,151.37,9226.43,9000.42,226.01,0.0,organic,2018,RaleighGreensboro
920,2018-01-28,1.9,13996.05,145.91,6494.37,156.02,7199.75,6924.72,275.03,0.0,organic,2018,RaleighGreensboro
921,2018-01-21,1.86,14627.48,167.64,5921.25,176.32,8362.27,8026.25,336.02,0.0,organic,2018,RaleighGreensboro
922,2018-01-14,1.53,23359.01,119.42,6900.26,219.92,16119.41,15798.76,320.65,0.0,organic,2018,RaleighGreensboro
923,2018-01-07,1.02,48277.42,123.72,6416.92,209.38,41527.4,41246.49,280.91,0.0,organic,2018,RaleighGreensboro
924,2018-03-25,1.42,17340.49,295.16,3478.97,81.25,13485.11,12149.49,1335.62,0.0,organic,2018,RichmondNorfolk
925,2018-03-18,1.32,15940.36,459.28,3325.39,86.58,12069.11,10904.32,1164.79,0.0,organic,2018,RichmondNorfolk
926,2018-03-11,1.35,16213.23,363.43,3680.52,79.89,12089.39,11655.63,433.76,0.0,organic,2018,RichmondNorfolk
927,2018-03-04,1.43,14173.27,397.48,3653.91,119.44,10002.44,9479.36,523.08,0.0,organic,2018,RichmondNorfolk
928,2018-02-25,,18023.03,485.27,3316.06,59.58,14162.12,11982.32,2179.8,0.0,organic,2018,RichmondNorfolk
929,2018-02-18,1.45,14413.06,468.13,3416.33,60.67,10467.93,10254.64,213.29,0.0,organic,2018,RichmondNorfolk
930,2018-02-11,1.36,18050.24,365.59,2906.21,44.28,14734.16,13970.51,763.65,0.0,organic,2018,RichmondNorfolk
931,2018-02-04,1.41,16592.21,352.86,3254.9,50.98,12933.47,12581.65,351.82,0.0,organic,2018,RichmondNorfolk
932,2018-01-28,1.44,15001.51,422.41,3934.4,93.87,10550.83,9656.85,893.98,0.0,organic,2018,RichmondNorfolk
933,2018-01-21,1.58,12458.09,521.57,3808.38,90.71,8037.43,6246.99,1790.44,0.0,organic,2018,RichmondNorfolk
934,2018-01-14,1.33,18253.0,354.81,3471.49,78.62,14348.08,13243.48,1104.6,0.0,organic,2018,RichmondNorfolk
935,2018-01-07,1.18,24634.86,563.16,3382.94,112.1,20576.66,19899.04,677.62,0.0,organic,2018,RichmondNorfolk
1032,2018-03-25,1.04,14503.47,78.95,148.37,0.0,14276.15,9992.31,4283.84,0.0,organic,2018,Syracuse
1033,2018-03-18,,6981.22,162.32,87.87,0.0,6731.03,2782.91,3948.12,0.0,organic,2018,Syracuse
1034,2018-03-11,1.25,4685.01,168.95,61.01,0.0,4455.05,775.9,3679.15,0.0,organic,2018,Syracuse
1035,2018-03-04,1.42,3061.66,395.14,89.31,0.0,2577.21,721.5,1855.71,0.0,organic,2018,Syracuse
1036,2018-02-25,1.3,4162.96,154.36,133.07,0.0,3875.53,1645.95,2229.58,0.0,organic,2018,Syracuse
1037,2018-02-18,,5092.83,310.36,84.43,0.0,4698.04,2136.41,2561.63,0.0,organic,2018,Syracuse
1038,2018-02-11,1.23,4815.48,69.81,56.64,0.0,4689.03,1972.88,2716.15,0.0,organic,2018,Syracuse
1039,2018-02-04,1.22,6294.16,85.22,152.09,0.0,6056.85,2847.48,3209.37,0.0,organic,2018,Syracuse
1040,2018-01-28,1.19,6393.58,30.09,128.49,0.0,6235.0,5670.94,564.06,0.0,organic,2018,Syracuse
1041,2018-01-21,1.27,3159.8,92.12,73.17,0.0,2994.51,2117.69,876.82,0.0,organic,2018,Syracuse
1042,2018-01-14,,4343.09,116.19,64.16,0.0,4162.74,1986.09,2176.65,0.0,organic,2018,Syracuse
1043,2018-01-07,1.25,4764.47,59.95,133.89,0.0,4570.63,3125.05,1445.58,0.0,organic,2018,Syracuse
